[2026-09-18T13:10:56.470+0000] {local_task_job_runner.py:120} INFO - ::group::Pre task execution logs
[2026-09-18T13:10:56.495+0000] {taskinstance.py:2076} INFO - Dependencies all met for dep_context=non-requeueable deps ti=<TaskInstance: customer_rfm.transform manual__2026-09-18T13:10:53.622033+00:00 [queued]>
[2026-09-18T13:10:56.501+0000] {taskinstance.py:2076} INFO - Dependencies all met for dep_context=requeueable deps ti=<TaskInstance: customer_rfm.transform manual__2026-09-18T13:10:53.622033+00:00 [queued]>
[2026-09-18T13:10:56.503+0000] {taskinstance.py:2306} INFO - Starting attempt 1 of 2
[2026-09-18T13:10:56.511+0000] {taskinstance.py:2330} INFO - Executing <Task(PythonOperator): transform> on 2026-09-18 13:10:53.622033+00:00
[2026-09-18T13:10:56.517+0000] {logging_mixin.py:188} WARNING - /home/airflow/.local/lib/python3.12/site-packages/airflow/task/task_runner/standard_task_runner.py:62 DeprecationWarning: This process (pid=303) is multi-threaded, use of fork() may lead to deadlocks in the child.
[2026-09-18T13:10:56.518+0000] {standard_task_runner.py:64} INFO - Started process 304 to run task
[2026-09-18T13:10:56.517+0000] {standard_task_runner.py:90} INFO - Running: ['airflow', 'tasks', 'run', 'customer_rfm', 'transform', 'manual__2026-09-18T13:10:53.622033+00:00', '--job-id', '48', '--raw', '--subdir', 'DAGS_FOLDER/dag_customer_rfm_dinda_c.py', '--cfg-path', '/tmp/tmpc_5g_us8']
[2026-09-18T13:10:56.519+0000] {standard_task_runner.py:91} INFO - Job 48: Subtask transform
[2026-09-18T13:10:56.535+0000] {logging_mixin.py:188} WARNING - /home/airflow/.local/lib/python3.12/site-packages/airflow/settings.py:195 DeprecationWarning: The sql_alchemy_conn option in [core] has been moved to the sql_alchemy_conn option in [database] - the old setting has been used, but please update your config.
[2026-09-18T13:10:56.572+0000] {task_command.py:426} INFO - Running <TaskInstance: customer_rfm.transform manual__2026-09-18T13:10:53.622033+00:00 [running]> on host 682a1b4f7f24
[2026-09-18T13:10:56.648+0000] {taskinstance.py:2648} INFO - Exporting env vars: AIRFLOW_CTX_DAG_OWNER='airflow' AIRFLOW_CTX_DAG_ID='customer_rfm' AIRFLOW_CTX_TASK_ID='transform' AIRFLOW_CTX_EXECUTION_DATE='2026-09-18T13:10:53.622033+00:00' AIRFLOW_CTX_TRY_NUMBER='1' AIRFLOW_CTX_DAG_RUN_ID='manual__2026-09-18T13:10:53.622033+00:00'
[2026-09-18T13:10:56.649+0000] {taskinstance.py:430} INFO - ::endgroup::
[2026-09-18T13:10:56.671+0000] {base.py:84} INFO - Using connection ID 'adventure_works' for task execution.
[2026-09-18T13:10:56.708+0000] {logging_mixin.py:188} INFO - [transform] trf_customer_rfm has been created. Total 7993 rows
[2026-09-18T13:10:56.709+0000] {python.py:237} INFO - Done. Returned value was: None
[2026-09-18T13:10:56.709+0000] {taskinstance.py:441} INFO - ::group::Post task execution logs
[2026-09-18T13:10:56.718+0000] {taskinstance.py:1206} INFO - Marking task as SUCCESS. dag_id=customer_rfm, task_id=transform, run_id=manual__2026-09-18T13:10:53.622033+00:00, execution_date=20260918T131053, start_date=20260918T131056, end_date=20260918T131056
[2026-09-18T13:10:56.732+0000] {local_task_job_runner.py:243} INFO - Task exited with return code 0
[2026-09-18T13:10:56.750+0000] {taskinstance.py:3503} INFO - 1 downstream tasks scheduled from follow-on schedule check
[2026-09-18T13:10:56.751+0000] {local_task_job_runner.py:222} INFO - ::endgroup::
