[2026-09-17T14:00:31.103+0000] {local_task_job_runner.py:120} INFO - ::group::Pre task execution logs
[2026-09-17T14:00:31.131+0000] {taskinstance.py:2076} INFO - Dependencies all met for dep_context=non-requeueable deps ti=<TaskInstance: customer_rfm.extract manual__2026-09-17T14:00:29.906648+00:00 [queued]>
[2026-09-17T14:00:31.137+0000] {taskinstance.py:2076} INFO - Dependencies all met for dep_context=requeueable deps ti=<TaskInstance: customer_rfm.extract manual__2026-09-17T14:00:29.906648+00:00 [queued]>
[2026-09-17T14:00:31.138+0000] {taskinstance.py:2306} INFO - Starting attempt 1 of 2
[2026-09-17T14:00:31.146+0000] {taskinstance.py:2330} INFO - Executing <Task(PythonOperator): extract> on 2026-09-17 14:00:29.906648+00:00
[2026-09-17T14:00:31.153+0000] {logging_mixin.py:188} WARNING - /home/airflow/.local/lib/python3.12/site-packages/airflow/task/task_runner/standard_task_runner.py:62 DeprecationWarning: This process (pid=765) is multi-threaded, use of fork() may lead to deadlocks in the child.
[2026-09-17T14:00:31.154+0000] {standard_task_runner.py:64} INFO - Started process 766 to run task
[2026-09-17T14:00:31.153+0000] {standard_task_runner.py:90} INFO - Running: ['airflow', 'tasks', 'run', 'customer_rfm', 'extract', 'manual__2026-09-17T14:00:29.906648+00:00', '--job-id', '38', '--raw', '--subdir', 'DAGS_FOLDER/dag_customer_rfm_dinda_c.py', '--cfg-path', '/tmp/tmpywm4ug3c']
[2026-09-17T14:00:31.155+0000] {standard_task_runner.py:91} INFO - Job 38: Subtask extract
[2026-09-17T14:00:31.168+0000] {logging_mixin.py:188} WARNING - /home/airflow/.local/lib/python3.12/site-packages/airflow/settings.py:195 DeprecationWarning: The sql_alchemy_conn option in [core] has been moved to the sql_alchemy_conn option in [database] - the old setting has been used, but please update your config.
[2026-09-17T14:00:31.202+0000] {task_command.py:426} INFO - Running <TaskInstance: customer_rfm.extract manual__2026-09-17T14:00:29.906648+00:00 [running]> on host 682a1b4f7f24
[2026-09-17T14:00:31.285+0000] {taskinstance.py:2648} INFO - Exporting env vars: AIRFLOW_CTX_DAG_OWNER='airflow' AIRFLOW_CTX_DAG_ID='customer_rfm' AIRFLOW_CTX_TASK_ID='extract' AIRFLOW_CTX_EXECUTION_DATE='2026-09-17T14:00:29.906648+00:00' AIRFLOW_CTX_TRY_NUMBER='1' AIRFLOW_CTX_DAG_RUN_ID='manual__2026-09-17T14:00:29.906648+00:00'
[2026-09-17T14:00:31.286+0000] {taskinstance.py:430} INFO - ::endgroup::
[2026-09-17T14:00:31.312+0000] {base.py:84} INFO - Using connection ID 'adventure_works' for task execution.
[2026-09-17T14:00:31.525+0000] {logging_mixin.py:188} INFO - [extract] stg_customer_orders has been extracted. There are 10818 rows
[2026-09-17T14:00:31.526+0000] {python.py:237} INFO - Done. Returned value was: None
[2026-09-17T14:00:31.526+0000] {taskinstance.py:441} INFO - ::group::Post task execution logs
[2026-09-17T14:00:31.537+0000] {taskinstance.py:1206} INFO - Marking task as SUCCESS. dag_id=customer_rfm, task_id=extract, run_id=manual__2026-09-17T14:00:29.906648+00:00, execution_date=20260917T140029, start_date=20260917T140031, end_date=20260917T140031
[2026-09-17T14:00:31.568+0000] {local_task_job_runner.py:243} INFO - Task exited with return code 0
[2026-09-17T14:00:31.593+0000] {taskinstance.py:3503} INFO - 1 downstream tasks scheduled from follow-on schedule check
[2026-09-17T14:00:31.595+0000] {local_task_job_runner.py:222} INFO - ::endgroup::
