[2026-09-17T13:08:01.373+0000] {local_task_job_runner.py:120} INFO - ::group::Pre task execution logs
[2026-09-17T13:08:01.403+0000] {taskinstance.py:2076} INFO - Dependencies all met for dep_context=non-requeueable deps ti=<TaskInstance: customer_rfm.check_connection scheduled__2026-09-16T00:00:00+00:00 [queued]>
[2026-09-17T13:08:01.409+0000] {taskinstance.py:2076} INFO - Dependencies all met for dep_context=requeueable deps ti=<TaskInstance: customer_rfm.check_connection scheduled__2026-09-16T00:00:00+00:00 [queued]>
[2026-09-17T13:08:01.411+0000] {taskinstance.py:2306} INFO - Starting attempt 3 of 4
[2026-09-17T13:08:01.419+0000] {taskinstance.py:2330} INFO - Executing <Task(PythonOperator): check_connection> on 2026-09-16 00:00:00+00:00
[2026-09-17T13:08:01.425+0000] {logging_mixin.py:188} WARNING - /home/airflow/.local/lib/python3.12/site-packages/airflow/task/task_runner/standard_task_runner.py:62 DeprecationWarning: This process (pid=206) is multi-threaded, use of fork() may lead to deadlocks in the child.
[2026-09-17T13:08:01.427+0000] {standard_task_runner.py:64} INFO - Started process 207 to run task
[2026-09-17T13:08:01.426+0000] {standard_task_runner.py:90} INFO - Running: ['airflow', 'tasks', 'run', 'customer_rfm', 'check_connection', 'scheduled__2026-09-16T00:00:00+00:00', '--job-id', '14', '--raw', '--subdir', 'DAGS_FOLDER/dag_customer_rfm_dinda_c.py', '--cfg-path', '/tmp/tmp3_ab1834']
[2026-09-17T13:08:01.428+0000] {standard_task_runner.py:91} INFO - Job 14: Subtask check_connection
[2026-09-17T13:08:01.443+0000] {logging_mixin.py:188} WARNING - /home/airflow/.local/lib/python3.12/site-packages/airflow/settings.py:195 DeprecationWarning: The sql_alchemy_conn option in [core] has been moved to the sql_alchemy_conn option in [database] - the old setting has been used, but please update your config.
[2026-09-17T13:08:01.484+0000] {task_command.py:426} INFO - Running <TaskInstance: customer_rfm.check_connection scheduled__2026-09-16T00:00:00+00:00 [running]> on host 682a1b4f7f24
[2026-09-17T13:08:01.563+0000] {taskinstance.py:2648} INFO - Exporting env vars: AIRFLOW_CTX_DAG_OWNER='airflow' AIRFLOW_CTX_DAG_ID='customer_rfm' AIRFLOW_CTX_TASK_ID='check_connection' AIRFLOW_CTX_EXECUTION_DATE='2026-09-16T00:00:00+00:00' AIRFLOW_CTX_TRY_NUMBER='3' AIRFLOW_CTX_DAG_RUN_ID='scheduled__2026-09-16T00:00:00+00:00'
[2026-09-17T13:08:01.564+0000] {taskinstance.py:430} INFO - ::endgroup::
[2026-09-17T13:08:01.595+0000] {base.py:84} INFO - Using connection ID 'adventure_works' for task execution.
[2026-09-17T13:08:01.730+0000] {taskinstance.py:441} INFO - ::group::Post task execution logs
[2026-09-17T13:08:01.731+0000] {taskinstance.py:2905} ERROR - Task failed with exception
Traceback (most recent call last):
  File "/home/airflow/.local/lib/python3.12/site-packages/airflow/models/taskinstance.py", line 465, in _execute_task
    result = _execute_callable(context=context, **execute_callable_kwargs)
             ^^^^^^^^^^^^^^^^^^^^^^^^^^^^^^^^^^^^^^^^^^^^^^^^^^^^^^^^^^^^^
  File "/home/airflow/.local/lib/python3.12/site-packages/airflow/models/taskinstance.py", line 432, in _execute_callable
    return execute_callable(context=context, **execute_callable_kwargs)
           ^^^^^^^^^^^^^^^^^^^^^^^^^^^^^^^^^^^^^^^^^^^^^^^^^^^^^^^^^^^^
  File "/home/airflow/.local/lib/python3.12/site-packages/airflow/models/baseoperator.py", line 401, in wrapper
    return func(self, *args, **kwargs)
           ^^^^^^^^^^^^^^^^^^^^^^^^^^^
  File "/home/airflow/.local/lib/python3.12/site-packages/airflow/operators/python.py", line 235, in execute
    return_value = self.execute_callable()
                   ^^^^^^^^^^^^^^^^^^^^^^^
  File "/home/airflow/.local/lib/python3.12/site-packages/airflow/operators/python.py", line 252, in execute_callable
    return self.python_callable(*self.op_args, **self.op_kwargs)
           ^^^^^^^^^^^^^^^^^^^^^^^^^^^^^^^^^^^^^^^^^^^^^^^^^^^^^
  File "/opt/airflow/dags/dag_customer_rfm_dinda_c.py", line 37, in check_connection
    conn = hook.get_conn()
           ^^^^^^^^^^^^^^^
  File "/home/airflow/.local/lib/python3.12/site-packages/airflow/providers/postgres/hooks/postgres.py", line 175, in get_conn
    self.conn = psycopg2.connect(**conn_args)
                ^^^^^^^^^^^^^^^^^^^^^^^^^^^^^
  File "/home/airflow/.local/lib/python3.12/site-packages/psycopg2/__init__.py", line 122, in connect
    conn = _connect(dsn, connection_factory=connection_factory, **kwasync)
           ^^^^^^^^^^^^^^^^^^^^^^^^^^^^^^^^^^^^^^^^^^^^^^^^^^^^^^^^^^^^^^^
psycopg2.OperationalError: connection to server at "host.docker.internal" (192.168.65.254), port 5432 failed: FATAL:  password authentication failed for user "***"

[2026-09-17T13:08:01.751+0000] {taskinstance.py:1206} INFO - Marking task as UP_FOR_RETRY. dag_id=customer_rfm, task_id=check_connection, run_id=scheduled__2026-09-16T00:00:00+00:00, execution_date=20260916T000000, start_date=20260917T130801, end_date=20260917T130801
[2026-09-17T13:08:01.770+0000] {standard_task_runner.py:110} ERROR - Failed to execute job 14 for task check_connection (connection to server at "host.docker.internal" (192.168.65.254), port 5432 failed: FATAL:  password authentication failed for user "***"
; 207)
[2026-09-17T13:08:01.803+0000] {local_task_job_runner.py:243} INFO - Task exited with return code 1
[2026-09-17T13:08:01.831+0000] {taskinstance.py:3503} INFO - 0 downstream tasks scheduled from follow-on schedule check
[2026-09-17T13:08:01.834+0000] {local_task_job_runner.py:222} INFO - ::endgroup::
