[2026-09-17T12:45:38.435+0000] {local_task_job_runner.py:120} INFO - ::group::Pre task execution logs
[2026-09-17T12:45:38.463+0000] {taskinstance.py:2076} INFO - Dependencies all met for dep_context=non-requeueable deps ti=<TaskInstance: customer_rfm.check_connection manual__2026-09-17T12:45:37.498838+00:00 [queued]>
[2026-09-17T12:45:38.469+0000] {taskinstance.py:2076} INFO - Dependencies all met for dep_context=requeueable deps ti=<TaskInstance: customer_rfm.check_connection manual__2026-09-17T12:45:37.498838+00:00 [queued]>
[2026-09-17T12:45:38.470+0000] {taskinstance.py:2306} INFO - Starting attempt 1 of 2
[2026-09-17T12:45:38.479+0000] {taskinstance.py:2330} INFO - Executing <Task(PythonOperator): check_connection> on 2026-09-17 12:45:37.498838+00:00
[2026-09-17T12:45:38.485+0000] {logging_mixin.py:188} WARNING - /home/airflow/.local/lib/python3.12/site-packages/airflow/task/task_runner/standard_task_runner.py:62 DeprecationWarning: This process (pid=184) is multi-threaded, use of fork() may lead to deadlocks in the child.
[2026-09-17T12:45:38.487+0000] {standard_task_runner.py:64} INFO - Started process 185 to run task
[2026-09-17T12:45:38.485+0000] {standard_task_runner.py:90} INFO - Running: ['airflow', 'tasks', 'run', 'customer_rfm', 'check_connection', 'manual__2026-09-17T12:45:37.498838+00:00', '--job-id', '3', '--raw', '--subdir', 'DAGS_FOLDER/dag_customer_rfm_dinda_c.py', '--cfg-path', '/tmp/tmpblrya6at']
[2026-09-17T12:45:38.488+0000] {standard_task_runner.py:91} INFO - Job 3: Subtask check_connection
[2026-09-17T12:45:38.502+0000] {logging_mixin.py:188} WARNING - /home/airflow/.local/lib/python3.12/site-packages/airflow/settings.py:195 DeprecationWarning: The sql_alchemy_conn option in [core] has been moved to the sql_alchemy_conn option in [database] - the old setting has been used, but please update your config.
[2026-09-17T12:45:38.539+0000] {task_command.py:426} INFO - Running <TaskInstance: customer_rfm.check_connection manual__2026-09-17T12:45:37.498838+00:00 [running]> on host 28d075f6891c
[2026-09-17T12:45:38.615+0000] {taskinstance.py:2648} INFO - Exporting env vars: AIRFLOW_CTX_DAG_OWNER='airflow' AIRFLOW_CTX_DAG_ID='customer_rfm' AIRFLOW_CTX_TASK_ID='check_connection' AIRFLOW_CTX_EXECUTION_DATE='2026-09-17T12:45:37.498838+00:00' AIRFLOW_CTX_TRY_NUMBER='1' AIRFLOW_CTX_DAG_RUN_ID='manual__2026-09-17T12:45:37.498838+00:00'
[2026-09-17T12:45:38.616+0000] {taskinstance.py:430} INFO - ::endgroup::
[2026-09-17T12:45:38.634+0000] {taskinstance.py:441} INFO - ::group::Post task execution logs
[2026-09-17T12:45:38.643+0000] {taskinstance.py:2905} ERROR - Task failed with exception
Traceback (most recent call last):
  File "/home/airflow/.local/lib/python3.12/site-packages/airflow/models/taskinstance.py", line 465, in _execute_task
    result = _execute_callable(context=context, **execute_callable_kwargs)
             ^^^^^^^^^^^^^^^^^^^^^^^^^^^^^^^^^^^^^^^^^^^^^^^^^^^^^^^^^^^^^
  File "/home/airflow/.local/lib/python3.12/site-packages/airflow/models/taskinstance.py", line 432, in _execute_callable
    return execute_callable(context=context, **execute_callable_kwargs)
           ^^^^^^^^^^^^^^^^^^^^^^^^^^^^^^^^^^^^^^^^^^^^^^^^^^^^^^^^^^^^
  File "/home/airflow/.local/lib/python3.12/site-packages/airflow/models/baseoperator.py", line 401, in wrapper
    return func(self, *args, **kwargs)
           ^^^^^^^^^^^^^^^^^^^^^^^^^^^
  File "/home/airflow/.local/lib/python3.12/site-packages/airflow/operators/python.py", line 235, in execute
    return_value = self.execute_callable()
                   ^^^^^^^^^^^^^^^^^^^^^^^
  File "/home/airflow/.local/lib/python3.12/site-packages/airflow/operators/python.py", line 252, in execute_callable
    return self.python_callable(*self.op_args, **self.op_kwargs)
           ^^^^^^^^^^^^^^^^^^^^^^^^^^^^^^^^^^^^^^^^^^^^^^^^^^^^^
  File "/opt/airflow/dags/dag_customer_rfm_dinda_c.py", line 37, in check_connection
    conn = hook.get_conn()
           ^^^^^^^^^^^^^^^
  File "/home/airflow/.local/lib/python3.12/site-packages/airflow/providers/postgres/hooks/postgres.py", line 145, in get_conn
    conn = deepcopy(self.connection or self.get_connection(conn_id))
                                       ^^^^^^^^^^^^^^^^^^^^^^^^^^^^
  File "/home/airflow/.local/lib/python3.12/site-packages/airflow/hooks/base.py", line 83, in get_connection
    conn = Connection.get_connection_from_secrets(conn_id)
           ^^^^^^^^^^^^^^^^^^^^^^^^^^^^^^^^^^^^^^^^^^^^^^^
  File "/home/airflow/.local/lib/python3.12/site-packages/airflow/models/connection.py", line 519, in get_connection_from_secrets
    raise AirflowNotFoundException(f"The conn_id `{conn_id}` isn't defined")
airflow.exceptions.AirflowNotFoundException: The conn_id `adventure_works` isn't defined
[2026-09-17T12:45:38.650+0000] {taskinstance.py:1206} INFO - Marking task as UP_FOR_RETRY. dag_id=customer_rfm, task_id=check_connection, run_id=manual__2026-09-17T12:45:37.498838+00:00, execution_date=20260917T124537, start_date=20260917T124538, end_date=20260917T124538
[2026-09-17T12:45:38.659+0000] {standard_task_runner.py:110} ERROR - Failed to execute job 3 for task check_connection (The conn_id `adventure_works` isn't defined; 185)
[2026-09-17T12:45:38.701+0000] {local_task_job_runner.py:243} INFO - Task exited with return code 1
[2026-09-17T12:45:38.720+0000] {taskinstance.py:3503} INFO - 0 downstream tasks scheduled from follow-on schedule check
[2026-09-17T12:45:38.723+0000] {local_task_job_runner.py:222} INFO - ::endgroup::
