[2026-09-17T13:33:44.501+0000] {local_task_job_runner.py:120} INFO - ::group::Pre task execution logs
[2026-09-17T13:33:44.539+0000] {taskinstance.py:2076} INFO - Dependencies all met for dep_context=non-requeueable deps ti=<TaskInstance: customer_rfm.check_connection manual__2026-09-17T13:33:43.592555+00:00 [queued]>
[2026-09-17T13:33:44.547+0000] {taskinstance.py:2076} INFO - Dependencies all met for dep_context=requeueable deps ti=<TaskInstance: customer_rfm.check_connection manual__2026-09-17T13:33:43.592555+00:00 [queued]>
[2026-09-17T13:33:44.548+0000] {taskinstance.py:2306} INFO - Starting attempt 1 of 2
[2026-09-17T13:33:44.560+0000] {taskinstance.py:2330} INFO - Executing <Task(PythonOperator): check_connection> on 2026-09-17 13:33:43.592555+00:00
[2026-09-17T13:33:44.567+0000] {logging_mixin.py:188} WARNING - /home/airflow/.local/lib/python3.12/site-packages/airflow/task/task_runner/standard_task_runner.py:62 DeprecationWarning: This process (pid=495) is multi-threaded, use of fork() may lead to deadlocks in the child.
[2026-09-17T13:33:44.568+0000] {standard_task_runner.py:64} INFO - Started process 496 to run task
[2026-09-17T13:33:44.567+0000] {standard_task_runner.py:90} INFO - Running: ['airflow', 'tasks', 'run', 'customer_rfm', 'check_connection', 'manual__2026-09-17T13:33:43.592555+00:00', '--job-id', '33', '--raw', '--subdir', 'DAGS_FOLDER/dag_customer_rfm_dinda_c.py', '--cfg-path', '/tmp/tmpp7o20ai9']
[2026-09-17T13:33:44.569+0000] {standard_task_runner.py:91} INFO - Job 33: Subtask check_connection
[2026-09-17T13:33:44.586+0000] {logging_mixin.py:188} WARNING - /home/airflow/.local/lib/python3.12/site-packages/airflow/settings.py:195 DeprecationWarning: The sql_alchemy_conn option in [core] has been moved to the sql_alchemy_conn option in [database] - the old setting has been used, but please update your config.
[2026-09-17T13:33:44.624+0000] {task_command.py:426} INFO - Running <TaskInstance: customer_rfm.check_connection manual__2026-09-17T13:33:43.592555+00:00 [running]> on host 682a1b4f7f24
[2026-09-17T13:33:44.722+0000] {taskinstance.py:2648} INFO - Exporting env vars: AIRFLOW_CTX_DAG_OWNER='airflow' AIRFLOW_CTX_DAG_ID='customer_rfm' AIRFLOW_CTX_TASK_ID='check_connection' AIRFLOW_CTX_EXECUTION_DATE='2026-09-17T13:33:43.592555+00:00' AIRFLOW_CTX_TRY_NUMBER='1' AIRFLOW_CTX_DAG_RUN_ID='manual__2026-09-17T13:33:43.592555+00:00'
[2026-09-17T13:33:44.723+0000] {taskinstance.py:430} INFO - ::endgroup::
[2026-09-17T13:33:44.759+0000] {base.py:84} INFO - Using connection ID 'adventure_works' for task execution.
[2026-09-17T13:33:44.774+0000] {logging_mixin.py:188} INFO - [check_connection] Koneksi berhasil!
[2026-09-17T13:33:44.775+0000] {logging_mixin.py:188} INFO - [check_connection] PostgreSQL 16.15 (Debian 16.15-1.pgdg13+2) on x86_64-pc-linux-gnu, compiled by gcc (Debian 14.2.0-19) 14.2.0, 64-bit
[2026-09-17T13:33:44.775+0000] {python.py:237} INFO - Done. Returned value was: None
[2026-09-17T13:33:44.776+0000] {taskinstance.py:441} INFO - ::group::Post task execution logs
[2026-09-17T13:33:44.786+0000] {taskinstance.py:1206} INFO - Marking task as SUCCESS. dag_id=customer_rfm, task_id=check_connection, run_id=manual__2026-09-17T13:33:43.592555+00:00, execution_date=20260917T133343, start_date=20260917T133344, end_date=20260917T133344
[2026-09-17T13:33:44.823+0000] {local_task_job_runner.py:243} INFO - Task exited with return code 0
[2026-09-17T13:33:44.846+0000] {taskinstance.py:3503} INFO - 1 downstream tasks scheduled from follow-on schedule check
[2026-09-17T13:33:44.848+0000] {local_task_job_runner.py:222} INFO - ::endgroup::
