[2026-09-17T13:33:45.398+0000] {local_task_job_runner.py:120} INFO - ::group::Pre task execution logs
[2026-09-17T13:33:45.426+0000] {taskinstance.py:2076} INFO - Dependencies all met for dep_context=non-requeueable deps ti=<TaskInstance: customer_rfm.extract manual__2026-09-17T13:33:43.592555+00:00 [queued]>
[2026-09-17T13:33:45.433+0000] {taskinstance.py:2076} INFO - Dependencies all met for dep_context=requeueable deps ti=<TaskInstance: customer_rfm.extract manual__2026-09-17T13:33:43.592555+00:00 [queued]>
[2026-09-17T13:33:45.434+0000] {taskinstance.py:2306} INFO - Starting attempt 1 of 2
[2026-09-17T13:33:45.443+0000] {taskinstance.py:2330} INFO - Executing <Task(PythonOperator): extract> on 2026-09-17 13:33:43.592555+00:00
[2026-09-17T13:33:45.450+0000] {logging_mixin.py:188} WARNING - /home/airflow/.local/lib/python3.12/site-packages/airflow/task/task_runner/standard_task_runner.py:62 DeprecationWarning: This process (pid=497) is multi-threaded, use of fork() may lead to deadlocks in the child.
[2026-09-17T13:33:45.451+0000] {standard_task_runner.py:64} INFO - Started process 498 to run task
[2026-09-17T13:33:45.450+0000] {standard_task_runner.py:90} INFO - Running: ['airflow', 'tasks', 'run', 'customer_rfm', 'extract', 'manual__2026-09-17T13:33:43.592555+00:00', '--job-id', '34', '--raw', '--subdir', 'DAGS_FOLDER/dag_customer_rfm_dinda_c.py', '--cfg-path', '/tmp/tmpn_uctv7p']
[2026-09-17T13:33:45.451+0000] {standard_task_runner.py:91} INFO - Job 34: Subtask extract
[2026-09-17T13:33:45.464+0000] {logging_mixin.py:188} WARNING - /home/airflow/.local/lib/python3.12/site-packages/airflow/settings.py:195 DeprecationWarning: The sql_alchemy_conn option in [core] has been moved to the sql_alchemy_conn option in [database] - the old setting has been used, but please update your config.
[2026-09-17T13:33:45.499+0000] {task_command.py:426} INFO - Running <TaskInstance: customer_rfm.extract manual__2026-09-17T13:33:43.592555+00:00 [running]> on host 682a1b4f7f24
[2026-09-17T13:33:45.575+0000] {taskinstance.py:2648} INFO - Exporting env vars: AIRFLOW_CTX_DAG_OWNER='airflow' AIRFLOW_CTX_DAG_ID='customer_rfm' AIRFLOW_CTX_TASK_ID='extract' AIRFLOW_CTX_EXECUTION_DATE='2026-09-17T13:33:43.592555+00:00' AIRFLOW_CTX_TRY_NUMBER='1' AIRFLOW_CTX_DAG_RUN_ID='manual__2026-09-17T13:33:43.592555+00:00'
[2026-09-17T13:33:45.576+0000] {taskinstance.py:430} INFO - ::endgroup::
[2026-09-17T13:33:45.606+0000] {base.py:84} INFO - Using connection ID 'adventure_works' for task execution.
[2026-09-17T13:33:45.724+0000] {logging_mixin.py:188} INFO - [extract] stg_customer_orders has been extracted. There are 4594 rows
[2026-09-17T13:33:45.725+0000] {python.py:237} INFO - Done. Returned value was: None
[2026-09-17T13:33:45.726+0000] {taskinstance.py:441} INFO - ::group::Post task execution logs
[2026-09-17T13:33:45.737+0000] {taskinstance.py:1206} INFO - Marking task as SUCCESS. dag_id=customer_rfm, task_id=extract, run_id=manual__2026-09-17T13:33:43.592555+00:00, execution_date=20260917T133343, start_date=20260917T133345, end_date=20260917T133345
[2026-09-17T13:33:45.785+0000] {local_task_job_runner.py:243} INFO - Task exited with return code 0
[2026-09-17T13:33:45.808+0000] {taskinstance.py:3503} INFO - 1 downstream tasks scheduled from follow-on schedule check
[2026-09-17T13:33:45.811+0000] {local_task_job_runner.py:222} INFO - ::endgroup::
