[2026-09-17T13:23:15.042+0000] {local_task_job_runner.py:120} INFO - ::group::Pre task execution logs
[2026-09-17T13:23:15.094+0000] {taskinstance.py:2076} INFO - Dependencies all met for dep_context=non-requeueable deps ti=<TaskInstance: customer_rfm.check_connection manual__2026-09-17T13:18:13.738345+00:00 [queued]>
[2026-09-17T13:23:15.102+0000] {taskinstance.py:2076} INFO - Dependencies all met for dep_context=requeueable deps ti=<TaskInstance: customer_rfm.check_connection manual__2026-09-17T13:18:13.738345+00:00 [queued]>
[2026-09-17T13:23:15.103+0000] {taskinstance.py:2306} INFO - Starting attempt 2 of 2
[2026-09-17T13:23:15.114+0000] {taskinstance.py:2330} INFO - Executing <Task(PythonOperator): check_connection> on 2026-09-17 13:18:13.738345+00:00
[2026-09-17T13:23:15.121+0000] {logging_mixin.py:188} WARNING - /home/airflow/.local/lib/python3.12/site-packages/airflow/task/task_runner/standard_task_runner.py:62 DeprecationWarning: This process (pid=379) is multi-threaded, use of fork() may lead to deadlocks in the child.
[2026-09-17T13:23:15.121+0000] {standard_task_runner.py:90} INFO - Running: ['airflow', 'tasks', 'run', 'customer_rfm', 'check_connection', 'manual__2026-09-17T13:18:13.738345+00:00', '--job-id', '28', '--raw', '--subdir', 'DAGS_FOLDER/dag_customer_rfm_dinda_c.py', '--cfg-path', '/tmp/tmps9s1zp61']
[2026-09-17T13:23:15.122+0000] {standard_task_runner.py:64} INFO - Started process 380 to run task
[2026-09-17T13:23:15.123+0000] {standard_task_runner.py:91} INFO - Job 28: Subtask check_connection
[2026-09-17T13:23:15.138+0000] {logging_mixin.py:188} WARNING - /home/airflow/.local/lib/python3.12/site-packages/airflow/settings.py:195 DeprecationWarning: The sql_alchemy_conn option in [core] has been moved to the sql_alchemy_conn option in [database] - the old setting has been used, but please update your config.
[2026-09-17T13:23:15.178+0000] {task_command.py:426} INFO - Running <TaskInstance: customer_rfm.check_connection manual__2026-09-17T13:18:13.738345+00:00 [running]> on host 682a1b4f7f24
[2026-09-17T13:23:15.261+0000] {taskinstance.py:2648} INFO - Exporting env vars: AIRFLOW_CTX_DAG_OWNER='airflow' AIRFLOW_CTX_DAG_ID='customer_rfm' AIRFLOW_CTX_TASK_ID='check_connection' AIRFLOW_CTX_EXECUTION_DATE='2026-09-17T13:18:13.738345+00:00' AIRFLOW_CTX_TRY_NUMBER='2' AIRFLOW_CTX_DAG_RUN_ID='manual__2026-09-17T13:18:13.738345+00:00'
[2026-09-17T13:23:15.262+0000] {taskinstance.py:430} INFO - ::endgroup::
[2026-09-17T13:23:15.291+0000] {base.py:84} INFO - Using connection ID 'adventure_works' for task execution.
[2026-09-17T13:23:15.320+0000] {taskinstance.py:441} INFO - ::group::Post task execution logs
[2026-09-17T13:23:15.321+0000] {taskinstance.py:2905} ERROR - Task failed with exception
Traceback (most recent call last):
  File "/home/airflow/.local/lib/python3.12/site-packages/airflow/models/taskinstance.py", line 465, in _execute_task
    result = _execute_callable(context=context, **execute_callable_kwargs)
             ^^^^^^^^^^^^^^^^^^^^^^^^^^^^^^^^^^^^^^^^^^^^^^^^^^^^^^^^^^^^^
  File "/home/airflow/.local/lib/python3.12/site-packages/airflow/models/taskinstance.py", line 432, in _execute_callable
    return execute_callable(context=context, **execute_callable_kwargs)
           ^^^^^^^^^^^^^^^^^^^^^^^^^^^^^^^^^^^^^^^^^^^^^^^^^^^^^^^^^^^^
  File "/home/airflow/.local/lib/python3.12/site-packages/airflow/models/baseoperator.py", line 401, in wrapper
    return func(self, *args, **kwargs)
           ^^^^^^^^^^^^^^^^^^^^^^^^^^^
  File "/home/airflow/.local/lib/python3.12/site-packages/airflow/operators/python.py", line 235, in execute
    return_value = self.execute_callable()
                   ^^^^^^^^^^^^^^^^^^^^^^^
  File "/home/airflow/.local/lib/python3.12/site-packages/airflow/operators/python.py", line 252, in execute_callable
    return self.python_callable(*self.op_args, **self.op_kwargs)
           ^^^^^^^^^^^^^^^^^^^^^^^^^^^^^^^^^^^^^^^^^^^^^^^^^^^^^
  File "/opt/airflow/dags/dag_customer_rfm_dinda_c.py", line 37, in check_connection
    conn = hook.get_conn()
           ^^^^^^^^^^^^^^^
  File "/home/airflow/.local/lib/python3.12/site-packages/airflow/providers/postgres/hooks/postgres.py", line 175, in get_conn
    self.conn = psycopg2.connect(**conn_args)
                ^^^^^^^^^^^^^^^^^^^^^^^^^^^^^
  File "/home/airflow/.local/lib/python3.12/site-packages/psycopg2/__init__.py", line 122, in connect
    conn = _connect(dsn, connection_factory=connection_factory, **kwasync)
           ^^^^^^^^^^^^^^^^^^^^^^^^^^^^^^^^^^^^^^^^^^^^^^^^^^^^^^^^^^^^^^^
psycopg2.OperationalError: connection to server at "host.docker.internal" (192.168.65.254), port 5432 failed: FATAL:  password authentication failed for user "***"

[2026-09-17T13:23:15.340+0000] {taskinstance.py:1206} INFO - Marking task as FAILED. dag_id=customer_rfm, task_id=check_connection, run_id=manual__2026-09-17T13:18:13.738345+00:00, execution_date=20260917T131813, start_date=20260917T132315, end_date=20260917T132315
[2026-09-17T13:23:15.352+0000] {standard_task_runner.py:110} ERROR - Failed to execute job 28 for task check_connection (connection to server at "host.docker.internal" (192.168.65.254), port 5432 failed: FATAL:  password authentication failed for user "***"
; 380)
[2026-09-17T13:23:15.377+0000] {local_task_job_runner.py:243} INFO - Task exited with return code 1
[2026-09-17T13:23:15.406+0000] {taskinstance.py:3503} INFO - 0 downstream tasks scheduled from follow-on schedule check
[2026-09-17T13:23:15.411+0000] {local_task_job_runner.py:222} INFO - ::endgroup::
